../Core/Src/main.c:71:6:HAL_ADC_ConvCpltCallback	16	static
../Core/Src/main.c:79:1:HAL_TIM_PeriodElapsedCallback	16	static
../Core/Src/main.c:96:5:main	32	static
../Core/Src/main.c:156:6:SystemClock_Config	88	static
../Core/Src/main.c:204:13:MX_ADC1_Init	24	static
../Core/Src/main.c:265:13:MX_DAC_Init	16	static
../Core/Src/main.c:305:13:MX_TIM2_Init	32	static
../Core/Src/main.c:350:13:MX_USART2_UART_Init	8	static
../Core/Src/main.c:381:13:MX_DMA_Init	16	static
../Core/Src/main.c:399:13:MX_GPIO_Init	48	static
../Core/Src/main.c:435:6:Error_Handler	4	static,ignoring_inline_asm
