../Core/Src/main.c:71:6:HAL_ADC_ConvCpltCallback	16	static
../Core/Src/main.c:79:1:HAL_TIM_PeriodElapsedCallback	144	static
../Core/Src/main.c:103:5:main	32	static
../Core/Src/main.c:163:6:SystemClock_Config	88	static
../Core/Src/main.c:211:13:MX_ADC1_Init	24	static
../Core/Src/main.c:272:13:MX_DAC_Init	16	static
../Core/Src/main.c:312:13:MX_TIM2_Init	32	static
../Core/Src/main.c:357:13:MX_USART2_UART_Init	8	static
../Core/Src/main.c:388:13:MX_DMA_Init	16	static
../Core/Src/main.c:406:13:MX_GPIO_Init	48	static
../Core/Src/main.c:442:6:Error_Handler	4	static,ignoring_inline_asm
