Archive member included to satisfy reference by file (symbol)

/opt/st/stm32cubeide_1.10.1/plugins/com.st.stm32cube.ide.mcu.externaltools.gnu-tools-for-stm32.10.3-2021.10.linux64_1.0.0.202111181127/tools/bin/../lib/gcc/arm-none-eabi/10.3.1/../../../../arm-none-eabi/lib/thumb/v7e-m+fp/hard/libc_nano.a(lib_a-errno.o)
                              ./Core/Src/syscalls.o (__errno)
/opt/st/stm32cubeide_1.10.1/plugins/com.st.stm32cube.ide.mcu.externaltools.gnu-tools-for-stm32.10.3-2021.10.linux64_1.0.0.202111181127/tools/bin/../lib/gcc/arm-none-eabi/10.3.1/../../../../arm-none-eabi/lib/thumb/v7e-m+fp/hard/libc_nano.a(lib_a-exit.o)
                              /opt/st/stm32cubeide_1.10.1/plugins/com.st.stm32cube.ide.mcu.externaltools.gnu-tools-for-stm32.10.3-2021.10.linux64_1.0.0.202111181127/tools/bin/../lib/gcc/arm-none-eabi/10.3.1/../../../../arm-none-eabi/lib/thumb/v7e-m+fp/hard/crt0.o (exit)
/opt/st/stm32cubeide_1.10.1/plugins/com.st.stm32cube.ide.mcu.externaltools.gnu-tools-for-stm32.10.3-2021.10.linux64_1.0.0.202111181127/tools/bin/../lib/gcc/arm-none-eabi/10.3.1/../../../../arm-none-eabi/lib/thumb/v7e-m+fp/hard/libc_nano.a(lib_a-impure.o)
                              /opt/st/stm32cubeide_1.10.1/plugins/com.st.stm32cube.ide.mcu.externaltools.gnu-tools-for-stm32.10.3-2021.10.linux64_1.0.0.202111181127/tools/bin/../lib/gcc/arm-none-eabi/10.3.1/../../../../arm-none-eabi/lib/thumb/v7e-m+fp/hard/libc_nano.a(lib_a-exit.o) (_global_impure_ptr)
/opt/st/stm32cubeide_1.10.1/plugins/com.st.stm32cube.ide.mcu.externaltools.gnu-tools-for-stm32.10.3-2021.10.linux64_1.0.0.202111181127/tools/bin/../lib/gcc/arm-none-eabi/10.3.1/../../../../arm-none-eabi/lib/thumb/v7e-m+fp/hard/libc_nano.a(lib_a-init.o)
                              /opt/st/stm32cubeide_1.10.1/plugins/com.st.stm32cube.ide.mcu.externaltools.gnu-tools-for-stm32.10.3-2021.10.linux64_1.0.0.202111181127/tools/bin/../lib/gcc/arm-none-eabi/10.3.1/../../../../arm-none-eabi/lib/thumb/v7e-m+fp/hard/crt0.o (__libc_init_array)
/opt/st/stm32cubeide_1.10.1/plugins/com.st.stm32cube.ide.mcu.externaltools.gnu-tools-for-stm32.10.3-2021.10.linux64_1.0.0.202111181127/tools/bin/../lib/gcc/arm-none-eabi/10.3.1/../../../../arm-none-eabi/lib/thumb/v7e-m+fp/hard/libc_nano.a(lib_a-memset.o)
                              /opt/st/stm32cubeide_1.10.1/plugins/com.st.stm32cube.ide.mcu.externaltools.gnu-tools-for-stm32.10.3-2021.10.linux64_1.0.0.202111181127/tools/bin/../lib/gcc/arm-none-eabi/10.3.1/../../../../arm-none-eabi/lib/thumb/v7e-m+fp/hard/crt0.o (memset)
/opt/st/stm32cubeide_1.10.1/plugins/com.st.stm32cube.ide.mcu.externaltools.gnu-tools-for-stm32.10.3-2021.10.linux64_1.0.0.202111181127/tools/bin/../lib/gcc/arm-none-eabi/10.3.1/thumb/v7e-m+fp/hard/libgcc.a(_arm_muldf3.o)
                              ./Core/Src/main.o (__aeabi_dmul)
/opt/st/stm32cubeide_1.10.1/plugins/com.st.stm32cube.ide.mcu.externaltools.gnu-tools-for-stm32.10.3-2021.10.linux64_1.0.0.202111181127/tools/bin/../lib/gcc/arm-none-eabi/10.3.1/thumb/v7e-m+fp/hard/libgcc.a(_arm_addsubdf3.o)
                              ./Core/Src/main.o (__aeabi_i2d)
/opt/st/stm32cubeide_1.10.1/plugins/com.st.stm32cube.ide.mcu.externaltools.gnu-tools-for-stm32.10.3-2021.10.linux64_1.0.0.202111181127/tools/bin/../lib/gcc/arm-none-eabi/10.3.1/thumb/v7e-m+fp/hard/libgcc.a(_arm_muldivdf3.o)
                              ./Core/Src/main.o (__aeabi_ddiv)
/opt/st/stm32cubeide_1.10.1/plugins/com.st.stm32cube.ide.mcu.externaltools.gnu-tools-for-stm32.10.3-2021.10.linux64_1.0.0.202111181127/tools/bin/../lib/gcc/arm-none-eabi/10.3.1/thumb/v7e-m+fp/hard/libgcc.a(_arm_truncdfsf2.o)
                              ./Core/Src/main.o (__aeabi_d2f)
/opt/st/stm32cubeide_1.10.1/plugins/com.st.stm32cube.ide.mcu.externaltools.gnu-tools-for-stm32.10.3-2021.10.linux64_1.0.0.202111181127/tools/bin/../lib/gcc/arm-none-eabi/10.3.1/thumb/v7e-m+fp/hard/libgcc.a(_aeabi_uldivmod.o)
                              ./Drivers/STM32F4xx_HAL_Driver/Src/stm32f4xx_hal_rcc.o (__aeabi_uldivmod)
/opt/st/stm32cubeide_1.10.1/plugins/com.st.stm32cube.ide.mcu.externaltools.gnu-tools-for-stm32.10.3-2021.10.linux64_1.0.0.202111181127/tools/bin/../lib/gcc/arm-none-eabi/10.3.1/thumb/v7e-m+fp/hard/libgcc.a(_udivmoddi4.o)
                              /opt/st/stm32cubeide_1.10.1/plugins/com.st.stm32cube.ide.mcu.externaltools.gnu-tools-for-stm32.10.3-2021.10.linux64_1.0.0.202111181127/tools/bin/../lib/gcc/arm-none-eabi/10.3.1/thumb/v7e-m+fp/hard/libgcc.a(_aeabi_uldivmod.o) (__udivmoddi4)
/opt/st/stm32cubeide_1.10.1/plugins/com.st.stm32cube.ide.mcu.externaltools.gnu-tools-for-stm32.10.3-2021.10.linux64_1.0.0.202111181127/tools/bin/../lib/gcc/arm-none-eabi/10.3.1/thumb/v7e-m+fp/hard/libgcc.a(_dvmd_tls.o)
                              /opt/st/stm32cubeide_1.10.1/plugins/com.st.stm32cube.ide.mcu.externaltools.gnu-tools-for-stm32.10.3-2021.10.linux64_1.0.0.202111181127/tools/bin/../lib/gcc/arm-none-eabi/10.3.1/thumb/v7e-m+fp/hard/libgcc.a(_aeabi_uldivmod.o) (__aeabi_ldiv0)

[...]
Memory Configuration

Name             Origin             Length             Attributes
RAM              0x0000000020000000 0x0000000000020000 xrw
FLASH            0x0000000008000000 0x0000000000080000 xr
*default*        0x0000000000000000 0xffffffffffffffff

Linker script and memory map

LOAD /opt/st/stm32cubeide_1.10.1/plugins/com.st.stm32cube.ide.mcu.externaltools.gnu-tools-for-stm32.10.3-2021.10.linux64_1.0.0.202111181127/tools/bin/../lib/gcc/arm-none-eabi/10.3.1/thumb/v7e-m+fp/hard/crti.o
LOAD /opt/st/stm32cubeide_1.10.1/plugins/com.st.stm32cube.ide.mcu.externaltools.gnu-tools-for-stm32.10.3-2021.10.linux64_1.0.0.202111181127/tools/bin/../lib/gcc/arm-none-eabi/10.3.1/thumb/v7e-m+fp/hard/crtbegin.o
LOAD /opt/st/stm32cubeide_1.10.1/plugins/com.st.stm32cube.ide.mcu.externaltools.gnu-tools-for-stm32.10.3-2021.10.linux64_1.0.0.202111181127/tools/bin/../lib/gcc/arm-none-eabi/10.3.1/../../../../arm-none-eabi/lib/thumb/v7e-m+fp/hard/crt0.o
LOAD ./Core/Src/main.o
LOAD ./Core/Src/stm32f4xx_hal_msp.o
LOAD ./Core/Src/stm32f4xx_it.o
LOAD ./Core/Src/syscalls.o
LOAD ./Core/Src/sysmem.o
LOAD ./Core/Src/system_stm32f4xx.o
LOAD ./Core/Startup/startup_stm32f446retx.o
LOAD ./Drivers/STM32F4xx_HAL_Driver/Src/stm32f4xx_hal.o
LOAD ./Drivers/STM32F4xx_HAL_Driver/Src/stm32f4xx_hal_cortex.o
LOAD ./Drivers/STM32F4xx_HAL_Driver/Src/stm32f4xx_hal_dma.o
LOAD ./Drivers/STM32F4xx_HAL_Driver/Src/stm32f4xx_hal_dma_ex.o
LOAD ./Drivers/STM32F4xx_HAL_Driver/Src/stm32f4xx_hal_exti.o
LOAD ./Drivers/STM32F4xx_HAL_Driver/Src/stm32f4xx_hal_flash.o
LOAD ./Drivers/STM32F4xx_HAL_Driver/Src/stm32f4xx_hal_flash_ex.o
LOAD ./Drivers/STM32F4xx_HAL_Driver/Src/stm32f4xx_hal_flash_ramfunc.o
LOAD ./Drivers/STM32F4xx_HAL_Driver/Src/stm32f4xx_hal_gpio.o
LOAD ./Drivers/STM32F4xx_HAL_Driver/Src/stm32f4xx_hal_i2c.o
LOAD ./Drivers/STM32F4xx_HAL_Driver/Src/stm32f4xx_hal_i2c_ex.o
LOAD ./Drivers/STM32F4xx_HAL_Driver/Src/stm32f4xx_hal_pwr.o
LOAD ./Drivers/STM32F4xx_HAL_Driver/Src/stm32f4xx_hal_pwr_ex.o
LOAD ./Drivers/STM32F4xx_HAL_Driver/Src/stm32f4xx_hal_rcc.o
LOAD ./Drivers/STM32F4xx_HAL_Driver/Src/stm32f4xx_hal_rcc_ex.o
LOAD ./Drivers/STM32F4xx_HAL_Driver/Src/stm32f4xx_hal_tim.o
LOAD ./Drivers/STM32F4xx_HAL_Driver/Src/stm32f4xx_hal_tim_ex.o
LOAD ./Drivers/STM32F4xx_HAL_Driver/Src/stm32f4xx_hal_uart.o
START GROUP
LOAD /opt/st/stm32cubeide_1.10.1/plugins/com.st.stm32cube.ide.mcu.externaltools.gnu-tools-for-stm32.10.3-2021.10.linux64_1.0.0.202111181127/tools/bin/../lib/gcc/arm-none-eabi/10.3.1/../../../../arm-none-eabi/lib/thumb/v7e-m+fp/hard/libc_nano.a
LOAD /opt/st/stm32cubeide_1.10.1/plugins/com.st.stm32cube.ide.mcu.externaltools.gnu-tools-for-stm32.10.3-2021.10.linux64_1.0.0.202111181127/tools/bin/../lib/gcc/arm-none-eabi/10.3.1/../../../../arm-none-eabi/lib/thumb/v7e-m+fp/hard/libm.a
END GROUP
START GROUP
LOAD /opt/st/stm32cubeide_1.10.1/plugins/com.st.stm32cube.ide.mcu.externaltools.gnu-tools-for-stm32.10.3-2021.10.linux64_1.0.0.202111181127/tools/bin/../lib/gcc/arm-none-eabi/10.3.1/thumb/v7e-m+fp/hard/libgcc.a
LOAD /opt/st/stm32cubeide_1.10.1/plugins/com.st.stm32cube.ide.mcu.externaltools.gnu-tools-for-stm32.10.3-2021.10.linux64_1.0.0.202111181127/tools/bin/../lib/gcc/arm-none-eabi/10.3.1/../../../../arm-none-eabi/lib/thumb/v7e-m+fp/hard/libc_nano.a
END GROUP
START GROUP
LOAD /opt/st/stm32cubeide_1.10.1/plugins/com.st.stm32cube.ide.mcu.externaltools.gnu-tools-for-stm32.10.3-2021.10.linux64_1.0.0.202111181127/tools/bin/../lib/gcc/arm-none-eabi/10.3.1/thumb/v7e-m+fp/hard/libgcc.a
LOAD /opt/st/stm32cubeide_1.10.1/plugins/com.st.stm32cube.ide.mcu.externaltools.gnu-tools-for-stm32.10.3-2021.10.linux64_1.0.0.202111181127/tools/bin/../lib/gcc/arm-none-eabi/10.3.1/../../../../arm-none-eabi/lib/thumb/v7e-m+fp/hard/libc_nano.a
LOAD /opt/st/stm32cubeide_1.10.1/plugins/com.st.stm32cube.ide.mcu.externaltools.gnu-tools-for-stm32.10.3-2021.10.linux64_1.0.0.202111181127/tools/bin/../lib/gcc/arm-none-eabi/10.3.1/../../../../arm-none-eabi/lib/thumb/v7e-m+fp/hard/libnosys.a
END GROUP
START GROUP
LOAD /opt/st/stm32cubeide_1.10.1/plugins/com.st.stm32cube.ide.mcu.externaltools.gnu-tools-for-stm32.10.3-2021.10.linux64_1.0.0.202111181127/tools/bin/../lib/gcc/arm-none-eabi/10.3.1/thumb/v7e-m+fp/hard/libgcc.a
LOAD /opt/st/stm32cubeide_1.10.1/plugins/com.st.stm32cube.ide.mcu.externaltools.gnu-tools-for-stm32.10.3-2021.10.linux64_1.0.0.202111181127/tools/bin/../lib/gcc/arm-none-eabi/10.3.1/../../../../arm-none-eabi/lib/thumb/v7e-m+fp/hard/libc_nano.a
LOAD /opt/st/stm32cubeide_1.10.1/plugins/com.st.stm32cube.ide.mcu.externaltools.gnu-tools-for-stm32.10.3-2021.10.linux64_1.0.0.202111181127/tools/bin/../lib/gcc/arm-none-eabi/10.3.1/../../../../arm-none-eabi/lib/thumb/v7e-m+fp/hard/libnosys.a
END GROUP
LOAD /opt/st/stm32cubeide_1.10.1/plugins/com.st.stm32cube.ide.mcu.externaltools.gnu-tools-for-stm32.10.3-2021.10.linux64_1.0.0.202111181127/tools/bin/../lib/gcc/arm-none-eabi/10.3.1/thumb/v7e-m+fp/hard/crtend.o
LOAD /opt/st/stm32cubeide_1.10.1/plugins/com.st.stm32cube.ide.mcu.externaltools.gnu-tools-for-stm32.10.3-2021.10.linux64_1.0.0.202111181127/tools/bin/../lib/gcc/arm-none-eabi/10.3.1/thumb/v7e-m+fp/hard/crtn.o
                0x0000000020020000                _estack = (ORIGIN (RAM) + LENGTH (RAM))
                0x0000000000000200                _Min_Heap_Size = 0x200
                0x0000000000000400                _Min_Stack_Size = 0x400

.isr_vector     0x0000000008000000      0x1c4
                0x0000000008000000                . = ALIGN (0x4)
 *(.isr_vector)
 .isr_vector    0x0000000008000000      0x1c4 ./Core/Startup/startup_stm32f446retx.o
                0x0000000008000000                g_pfnVectors
                0x00000000080001c4                . = ALIGN (0x4)

.text           0x00000000080001c8     0x3f44
                0x00000000080001c8                . = ALIGN (0x4)
 *(.text)
 .text          0x00000000080001c8       0x40 /opt/st/stm32cubeide_1.10.1/plugins/com.st.stm32cube.ide.mcu.externaltools.gnu-tools-for-stm32.10.3-2021.10.linux64_1.0.0.202111181127/tools/bin/../lib/gcc/arm-none-eabi/10.3.1/thumb/v7e-m+fp/hard/crtbegin.o
 .text          0x0000000008000208      0x378 /opt/st/stm32cubeide_1.10.1/plugins/com.st.stm32cube.ide.mcu.externaltools.gnu-tools-for-stm32.10.3-2021.10.linux64_1.0.0.202111181127/tools/bin/../lib/gcc/arm-none-eabi/10.3.1/thumb/v7e-m+fp/hard/libgcc.a(_arm_addsubdf3.o)
                0x0000000008000208                __aeabi_drsub
                0x0000000008000210                __aeabi_dsub
                0x0000000008000210                __subdf3
                0x0000000008000214                __adddf3
                0x0000000008000214                __aeabi_dadd
                0x000000000800048c                __aeabi_ui2d
                0x000000000800048c                __floatunsidf
                0x00000000080004ac                __floatsidf
                0x00000000080004ac                __aeabi_i2d
                0x00000000080004d0                __extendsfdf2
                0x00000000080004d0                __aeabi_f2d
                0x0000000008000514                __aeabi_ul2d
                0x0000000008000514                __floatundidf
                0x0000000008000524                __floatdidf
                0x0000000008000524                __aeabi_l2d
 .text          0x0000000008000580      0x424 /opt/st/stm32cubeide_1.10.1/plugins/com.st.stm32cube.ide.mcu.externaltools.gnu-tools-for-stm32.10.3-2021.10.linux64_1.0.0.202111181127/tools/bin/../lib/gcc/arm-none-eabi/10.3.1/thumb/v7e-m+fp/hard/libgcc.a(_arm_muldivdf3.o)
                0x0000000008000580                __aeabi_dmul
                0x0000000008000580                __muldf3
                0x00000000080007d4                __aeabi_ddiv
                0x00000000080007d4                __divdf3
 .text          0x00000000080009a4       0xa0 /opt/st/stm32cubeide_1.10.1/plugins/com.st.stm32cube.ide.mcu.externaltools.gnu-tools-for-stm32.10.3-2021.10.linux64_1.0.0.202111181127/tools/bin/../lib/gcc/arm-none-eabi/10.3.1/thumb/v7e-m+fp/hard/libgcc.a(_arm_truncdfsf2.o)
                0x00000000080009a4                __aeabi_d2f
                0x00000000080009a4                __truncdfsf2
 .text          0x0000000008000a44       0x30 /opt/st/stm32cubeide_1.10.1/plugins/com.st.stm32cube.ide.mcu.externaltools.gnu-tools-for-stm32.10.3-2021.10.linux64_1.0.0.202111181127/tools/bin/../lib/gcc/arm-none-eabi/10.3.1/thumb/v7e-m+fp/hard/libgcc.a(_aeabi_uldivmod.o)
                0x0000000008000a44                __aeabi_uldivmod
 .text          0x0000000008000a74      0x2d0 /opt/st/stm32cubeide_1.10.1/plugins/com.st.stm32cube.ide.mcu.externaltools.gnu-tools-for-stm32.10.3-2021.10.linux64_1.0.0.202111181127/tools/bin/../lib/gcc/arm-none-eabi/10.3.1/thumb/v7e-m+fp/hard/libgcc.a(_udivmoddi4.o)
                0x0000000008000a74                __udivmoddi4
 .text          0x0000000008000d44        0x4 /opt/st/stm32cubeide_1.10.1/plugins/com.st.stm32cube.ide.mcu.externaltools.gnu-tools-for-stm32.10.3-2021.10.linux64_1.0.0.202111181127/tools/bin/../lib/gcc/arm-none-eabi/10.3.1/thumb/v7e-m+fp/hard/libgcc.a(_dvmd_tls.o)
                0x0000000008000d44                __aeabi_ldiv0
                0x0000000008000d44                __aeabi_idiv0
 *(.text*)
 .text.config_sensor
                0x0000000008000d48      0x128 ./Core/Src/main.o
                0x0000000008000d48                config_sensor
 .text.read_acc
                0x0000000008000e70      0x1f8 ./Core/Src/main.o
                0x0000000008000e70                read_acc
 .text.read_mag
                0x0000000008001068      0x1bc ./Core/Src/main.o
                0x0000000008001068                read_mag
 .text.main     0x0000000008001224       0x44 ./Core/Src/main.o
                0x0000000008001224                main
 .text.SystemClock_Config
                0x0000000008001268       0xdc ./Core/Src/main.o
                0x0000000008001268                SystemClock_Config
 .text.MX_I2C1_Init
                0x0000000008001344       0x5c ./Core/Src/main.o
 .text.MX_USART2_UART_Init
                0x00000000080013a0       0x54 ./Core/Src/main.o
 .text.MX_GPIO_Init
                0x00000000080013f4       0xdc ./Core/Src/main.o
 .text.Error_Handler
                0x00000000080014d0        0xa ./Core/Src/main.o
                0x00000000080014d0                Error_Handler
 *fill*         0x00000000080014da        0x2 
 .text.HAL_MspInit
                0x00000000080014dc       0x50 ./Core/Src/stm32f4xx_hal_msp.o
                0x00000000080014dc                HAL_MspInit
 .text.HAL_I2C_MspInit
                0x000000000800152c       0x90 ./Core/Src/stm32f4xx_hal_msp.o
                0x000000000800152c                HAL_I2C_MspInit
 .text.HAL_UART_MspInit
                0x00000000080015bc       0x90 ./Core/Src/stm32f4xx_hal_msp.o
                0x00000000080015bc                HAL_UART_MspInit
 .text.NMI_Handler
                0x000000000800164c        0x6 ./Core/Src/stm32f4xx_it.o
                0x000000000800164c                NMI_Handler
 .text.HardFault_Handler
                0x0000000008001652        0x6 ./Core/Src/stm32f4xx_it.o
                0x0000000008001652                HardFault_Handler
 .text.MemManage_Handler
                0x0000000008001658        0x6 ./Core/Src/stm32f4xx_it.o
                0x0000000008001658                MemManage_Handler
 .text.BusFault_Handler
                0x000000000800165e        0x6 ./Core/Src/stm32f4xx_it.o
                0x000000000800165e                BusFault_Handler
 .text.UsageFault_Handler
                0x0000000008001664        0x6 ./Core/Src/stm32f4xx_it.o
                0x0000000008001664                UsageFault_Handler
 .text.SVC_Handler
                0x000000000800166a        0xe ./Core/Src/stm32f4xx_it.o
                0x000000000800166a                SVC_Handler
 .text.DebugMon_Handler
                0x0000000008001678        0xe ./Core/Src/stm32f4xx_it.o
                0x0000000008001678                DebugMon_Handler
 .text.PendSV_Handler
                0x0000000008001686        0xe ./Core/Src/stm32f4xx_it.o
                0x0000000008001686                PendSV_Handler
 .text.SysTick_Handler
                0x0000000008001694        0xc ./Core/Src/stm32f4xx_it.o
                0x0000000008001694                SysTick_Handler
 .text.SystemInit
                0x00000000080016a0       0x24 ./Core/Src/system_stm32f4xx.o
                0x00000000080016a0                SystemInit
 .text.Reset_Handler
                0x00000000080016c4       0x50 ./Core/Startup/startup_stm32f446retx.o
                0x00000000080016c4                Reset_Handler
 .text.Default_Handler
                0x0000000008001714        0x2 ./Core/Startup/startup_stm32f446retx.o
                0x0000000008001714                RTC_Alarm_IRQHandler
                0x0000000008001714                EXTI2_IRQHandler
                0x0000000008001714                TIM8_CC_IRQHandler
                0x0000000008001714                FMPI2C1_EV_IRQHandler
                0x0000000008001714                SPI4_IRQHandler
                0x0000000008001714                TIM1_CC_IRQHandler
                0x0000000008001714                DMA2_Stream5_IRQHandler
                0x0000000008001714                DMA1_Stream5_IRQHandler
                0x0000000008001714                PVD_IRQHandler
                0x0000000008001714                SDIO_IRQHandler
                0x0000000008001714                TAMP_STAMP_IRQHandler
                0x0000000008001714                CAN2_RX1_IRQHandler
                0x0000000008001714                EXTI3_IRQHandler
                0x0000000008001714                TIM8_TRG_COM_TIM14_IRQHandler
                0x0000000008001714                TIM1_UP_TIM10_IRQHandler
                0x0000000008001714                TIM8_UP_TIM13_IRQHandler
                0x0000000008001714                I2C3_ER_IRQHandler
                0x0000000008001714                EXTI0_IRQHandler
                0x0000000008001714                I2C2_EV_IRQHandler
                0x0000000008001714                DMA1_Stream2_IRQHandler
                0x0000000008001714                CAN1_RX0_IRQHandler
                0x0000000008001714                FPU_IRQHandler
                0x0000000008001714                OTG_HS_WKUP_IRQHandler
                0x0000000008001714                CAN2_SCE_IRQHandler
                0x0000000008001714                DMA2_Stream2_IRQHandler
                0x0000000008001714                SPI1_IRQHandler
                0x0000000008001714                TIM6_DAC_IRQHandler
                0x0000000008001714                TIM1_BRK_TIM9_IRQHandler
                0x0000000008001714                DCMI_IRQHandler
                0x0000000008001714                CAN2_RX0_IRQHandler
                0x0000000008001714                DMA2_Stream3_IRQHandler
                0x0000000008001714                SAI2_IRQHandler
                0x0000000008001714                USART6_IRQHandler
                0x0000000008001714                USART3_IRQHandler
                0x0000000008001714                CAN1_RX1_IRQHandler
                0x0000000008001714                UART5_IRQHandler
                0x0000000008001714                DMA2_Stream0_IRQHandler
                0x0000000008001714                TIM4_IRQHandler
                0x0000000008001714                QUADSPI_IRQHandler
                0x0000000008001714                I2C1_EV_IRQHandler
                0x0000000008001714                DMA1_Stream6_IRQHandler
                0x0000000008001714                DMA1_Stream1_IRQHandler
                0x0000000008001714                UART4_IRQHandler
                0x0000000008001714                TIM3_IRQHandler
                0x0000000008001714                RCC_IRQHandler
                0x0000000008001714                TIM8_BRK_TIM12_IRQHandler
                0x0000000008001714                Default_Handler
                0x0000000008001714                CEC_IRQHandler
                0x0000000008001714                EXTI15_10_IRQHandler
                0x0000000008001714                ADC_IRQHandler
                0x0000000008001714                DMA1_Stream7_IRQHandler
                0x0000000008001714                TIM7_IRQHandler
                0x0000000008001714                CAN2_TX_IRQHandler
                0x0000000008001714                TIM5_IRQHandler
                0x0000000008001714                DMA2_Stream7_IRQHandler
                0x0000000008001714                I2C3_EV_IRQHandler
                0x0000000008001714                EXTI9_5_IRQHandler
                0x0000000008001714                RTC_WKUP_IRQHandler
                0x0000000008001714                SPDIF_RX_IRQHandler
                0x0000000008001714                SPI2_IRQHandler
                0x0000000008001714                OTG_HS_EP1_IN_IRQHandler
                0x0000000008001714                DMA1_Stream0_IRQHandler
                0x0000000008001714                CAN1_TX_IRQHandler
                0x0000000008001714                FMPI2C1_ER_IRQHandler
                0x0000000008001714                EXTI4_IRQHandler
                0x0000000008001714                OTG_HS_EP1_OUT_IRQHandler
                0x0000000008001714                WWDG_IRQHandler
                0x0000000008001714                TIM2_IRQHandler
                0x0000000008001714                OTG_FS_WKUP_IRQHandler
                0x0000000008001714                TIM1_TRG_COM_TIM11_IRQHandler
                0x0000000008001714                OTG_HS_IRQHandler
                0x0000000008001714                EXTI1_IRQHandler
                0x0000000008001714                USART2_IRQHandler
                0x0000000008001714                I2C2_ER_IRQHandler
                0x0000000008001714                DMA2_Stream1_IRQHandler
                0x0000000008001714                CAN1_SCE_IRQHandler
                0x0000000008001714                FLASH_IRQHandler
                0x0000000008001714                DMA2_Stream4_IRQHandler
                0x0000000008001714                USART1_IRQHandler
                0x0000000008001714                OTG_FS_IRQHandler
                0x0000000008001714                SPI3_IRQHandler
                0x0000000008001714                DMA1_Stream4_IRQHandler
                0x0000000008001714                I2C1_ER_IRQHandler
                0x0000000008001714                FMC_IRQHandler
                0x0000000008001714                DMA2_Stream6_IRQHandler
                0x0000000008001714                SAI1_IRQHandler
                0x0000000008001714                DMA1_Stream3_IRQHandler
 *fill*         0x0000000008001716        0x2 
 .text.HAL_Init
                0x0000000008001718       0x44 ./Drivers/STM32F4xx_HAL_Driver/Src/stm32f4xx_hal.o
                0x0000000008001718                HAL_Init
 .text.HAL_InitTick
                0x000000000800175c       0x60 ./Drivers/STM32F4xx_HAL_Driver/Src/stm32f4xx_hal.o
                0x000000000800175c                HAL_InitTick
 .text.HAL_IncTick
                0x00000000080017bc       0x28 ./Drivers/STM32F4xx_HAL_Driver/Src/stm32f4xx_hal.o
                0x00000000080017bc                HAL_IncTick
 .text.HAL_GetTick
                0x00000000080017e4       0x18 ./Drivers/STM32F4xx_HAL_Driver/Src/stm32f4xx_hal.o
                0x00000000080017e4                HAL_GetTick
 .text.HAL_Delay
                0x00000000080017fc       0x48 ./Drivers/STM32F4xx_HAL_Driver/Src/stm32f4xx_hal.o
                0x00000000080017fc                HAL_Delay
 .text.__NVIC_SetPriorityGrouping
                0x0000000008001844       0x48 ./Drivers/STM32F4xx_HAL_Driver/Src/stm32f4xx_hal_cortex.o
 .text.__NVIC_GetPriorityGrouping
                0x000000000800188c       0x1c ./Drivers/STM32F4xx_HAL_Driver/Src/stm32f4xx_hal_cortex.o
 .text.__NVIC_SetPriority
                0x00000000080018a8       0x54 ./Drivers/STM32F4xx_HAL_Driver/Src/stm32f4xx_hal_cortex.o
 .text.NVIC_EncodePriority
                0x00000000080018fc       0x66 ./Drivers/STM32F4xx_HAL_Driver/Src/stm32f4xx_hal_cortex.o
 *fill*         0x0000000008001962        0x2 
 .text.SysTick_Config
                0x0000000008001964       0x44 ./Drivers/STM32F4xx_HAL_Driver/Src/stm32f4xx_hal_cortex.o
 .text.HAL_NVIC_SetPriorityGrouping
                0x00000000080019a8       0x16 ./Drivers/STM32F4xx_HAL_Driver/Src/stm32f4xx_hal_cortex.o
                0x00000000080019a8                HAL_NVIC_SetPriorityGrouping
 .text.HAL_NVIC_SetPriority
                0x00000000080019be       0x38 ./Drivers/STM32F4xx_HAL_Driver/Src/stm32f4xx_hal_cortex.o
                0x00000000080019be                HAL_NVIC_SetPriority
 .text.HAL_SYSTICK_Config
                0x00000000080019f6       0x18 ./Drivers/STM32F4xx_HAL_Driver/Src/stm32f4xx_hal_cortex.o
                0x00000000080019f6                HAL_SYSTICK_Config
 *fill*         0x0000000008001a0e        0x2 
 .text.HAL_GPIO_Init
                0x0000000008001a10      0x328 ./Drivers/STM32F4xx_HAL_Driver/Src/stm32f4xx_hal_gpio.o
                0x0000000008001a10                HAL_GPIO_Init
 .text.HAL_GPIO_WritePin
                0x0000000008001d38       0x32 ./Drivers/STM32F4xx_HAL_Driver/Src/stm32f4xx_hal_gpio.o
                0x0000000008001d38                HAL_GPIO_WritePin
 *fill*         0x0000000008001d6a        0x2 
 .text.HAL_I2C_Init
                0x0000000008001d6c      0x288 ./Drivers/STM32F4xx_HAL_Driver/Src/stm32f4xx_hal_i2c.o
                0x0000000008001d6c                HAL_I2C_Init
 .text.HAL_I2C_Mem_Write
                0x0000000008001ff4      0x1f4 ./Drivers/STM32F4xx_HAL_Driver/Src/stm32f4xx_hal_i2c.o
                0x0000000008001ff4                HAL_I2C_Mem_Write
 .text.HAL_I2C_Mem_Read
                0x00000000080021e8      0x44c ./Drivers/STM32F4xx_HAL_Driver/Src/stm32f4xx_hal_i2c.o
                0x00000000080021e8                HAL_I2C_Mem_Read
 .text.HAL_I2C_IsDeviceReady
                0x0000000008002634      0x25c ./Drivers/STM32F4xx_HAL_Driver/Src/stm32f4xx_hal_i2c.o
                0x0000000008002634                HAL_I2C_IsDeviceReady
 .text.I2C_RequestMemoryWrite
                0x0000000008002890      0x12c ./Drivers/STM32F4xx_HAL_Driver/Src/stm32f4xx_hal_i2c.o
 .text.I2C_RequestMemoryRead
                0x00000000080029bc      0x1d0 ./Drivers/STM32F4xx_HAL_Driver/Src/stm32f4xx_hal_i2c.o
 .text.I2C_WaitOnFlagUntilTimeout
                0x0000000008002b8c       0xae ./Drivers/STM32F4xx_HAL_Driver/Src/stm32f4xx_hal_i2c.o
 .text.I2C_WaitOnMasterAddressFlagUntilTimeout
                0x0000000008002c3a       0xfe ./Drivers/STM32F4xx_HAL_Driver/Src/stm32f4xx_hal_i2c.o
 .text.I2C_WaitOnTXEFlagUntilTimeout
                0x0000000008002d38       0x82 ./Drivers/STM32F4xx_HAL_Driver/Src/stm32f4xx_hal_i2c.o
 .text.I2C_WaitOnBTFFlagUntilTimeout
                0x0000000008002dba       0x82 ./Drivers/STM32F4xx_HAL_Driver/Src/stm32f4xx_hal_i2c.o
 .text.I2C_WaitOnRXNEFlagUntilTimeout
                0x0000000008002e3c       0xac ./Drivers/STM32F4xx_HAL_Driver/Src/stm32f4xx_hal_i2c.o
 .text.I2C_IsAcknowledgeFailed
                0x0000000008002ee8       0x5e ./Drivers/STM32F4xx_HAL_Driver/Src/stm32f4xx_hal_i2c.o
 *fill*         0x0000000008002f46        0x2 
 .text.HAL_RCC_ClockConfig
                0x0000000008002f48      0x1cc ./Drivers/STM32F4xx_HAL_Driver/Src/stm32f4xx_hal_rcc.o
                0x0000000008002f48                HAL_RCC_ClockConfig
 .text.HAL_RCC_GetHCLKFreq
                0x0000000008003114       0x18 ./Drivers/STM32F4xx_HAL_Driver/Src/stm32f4xx_hal_rcc.o
                0x0000000008003114                HAL_RCC_GetHCLKFreq
 .text.HAL_RCC_GetPCLK1Freq
                0x000000000800312c       0x28 ./Drivers/STM32F4xx_HAL_Driver/Src/stm32f4xx_hal_rcc.o
                0x000000000800312c                HAL_RCC_GetPCLK1Freq
 .text.HAL_RCC_GetPCLK2Freq
                0x0000000008003154       0x28 ./Drivers/STM32F4xx_HAL_Driver/Src/stm32f4xx_hal_rcc.o
                0x0000000008003154                HAL_RCC_GetPCLK2Freq
 .text.HAL_RCC_GetSysClockFreq
                0x000000000800317c      0x460 ./Drivers/STM32F4xx_HAL_Driver/Src/stm32f4xx_hal_rcc_ex.o
                0x000000000800317c                HAL_RCC_GetSysClockFreq
 .text.HAL_RCC_OscConfig
                0x00000000080035dc      0x53c ./Drivers/STM32F4xx_HAL_Driver/Src/stm32f4xx_hal_rcc_ex.o
                0x00000000080035dc                HAL_RCC_OscConfig
 .text.HAL_UART_Init
                0x0000000008003b18       0x9a ./Drivers/STM32F4xx_HAL_Driver/Src/stm32f4xx_hal_uart.o
                0x0000000008003b18                HAL_UART_Init
 *fill*         0x0000000008003bb2        0x2 
 .text.UART_SetConfig
                0x0000000008003bb4      0x4e8 ./Drivers/STM32F4xx_HAL_Driver/Src/stm32f4xx_hal_uart.o
 .text.__libc_init_array
                0x000000000800409c       0x48 /opt/st/stm32cubeide_1.10.1/plugins/com.st.stm32cube.ide.mcu.externaltools.gnu-tools-for-stm32.10.3-2021.10.linux64_1.0.0.202111181127/tools/bin/../lib/gcc/arm-none-eabi/10.3.1/../../../../arm-none-eabi/lib/thumb/v7e-m+fp/hard/libc_nano.a(lib_a-init.o)
                0x000000000800409c                __libc_init_array
 .text.memset   0x00000000080040e4       0x10 /opt/st/stm32cubeide_1.10.1/plugins/com.st.stm32cube.ide.mcu.externaltools.gnu-tools-for-stm32.10.3-2021.10.linux64_1.0.0.202111181127/tools/bin/../lib/gcc/arm-none-eabi/10.3.1/../../../../arm-none-eabi/lib/thumb/v7e-m+fp/hard/libc_nano.a(lib_a-memset.o)
                0x00000000080040e4                memset
 *(.glue_7)
 .glue_7        0x00000000080040f4        0x0 linker stubs
 *(.glue_7t)
 .glue_7t       0x00000000080040f4        0x0 linker stubs
 *(.eh_frame)
 .eh_frame      0x00000000080040f4        0x0 /opt/st/stm32cubeide_1.10.1/plugins/com.st.stm32cube.ide.mcu.externaltools.gnu-tools-for-stm32.10.3-2021.10.linux64_1.0.0.202111181127/tools/bin/../lib/gcc/arm-none-eabi/10.3.1/thumb/v7e-m+fp/hard/crtbegin.o
 *(.init)
 .init          0x00000000080040f4        0x4 /opt/st/stm32cubeide_1.10.1/plugins/com.st.stm32cube.ide.mcu.externaltools.gnu-tools-for-stm32.10.3-2021.10.linux64_1.0.0.202111181127/tools/bin/../lib/gcc/arm-none-eabi/10.3.1/thumb/v7e-m+fp/hard/crti.o
                0x00000000080040f4                _init
 .init          0x00000000080040f8        0x8 /opt/st/stm32cubeide_1.10.1/plugins/com.st.stm32cube.ide.mcu.externaltools.gnu-tools-for-stm32.10.3-2021.10.linux64_1.0.0.202111181127/tools/bin/../lib/gcc/arm-none-eabi/10.3.1/thumb/v7e-m+fp/hard/crtn.o
 *(.fini)
 .fini          0x0000000008004100        0x4 /opt/st/stm32cubeide_1.10.1/plugins/com.st.stm32cube.ide.mcu.externaltools.gnu-tools-for-stm32.10.3-2021.10.linux64_1.0.0.202111181127/tools/bin/../lib/gcc/arm-none-eabi/10.3.1/thumb/v7e-m+fp/hard/crti.o
                0x0000000008004100                _fini
 .fini          0x0000000008004104        0x8 /opt/st/stm32cubeide_1.10.1/plugins/com.st.stm32cube.ide.mcu.externaltools.gnu-tools-for-stm32.10.3-2021.10.linux64_1.0.0.202111181127/tools/bin/../lib/gcc/arm-none-eabi/10.3.1/thumb/v7e-m+fp/hard/crtn.o
                0x000000000800410c                . = ALIGN (0x4)
                0x000000000800410c                _etext = .

.vfp11_veneer   0x000000000800410c        0x0
 .vfp11_veneer  0x000000000800410c        0x0 linker stubs

.v4_bx          0x000000000800410c        0x0
 .v4_bx         0x000000000800410c        0x0 linker stubs

.iplt           0x000000000800410c        0x0
 .iplt          0x000000000800410c        0x0 /opt/st/stm32cubeide_1.10.1/plugins/com.st.stm32cube.ide.mcu.externaltools.gnu-tools-for-stm32.10.3-2021.10.linux64_1.0.0.202111181127/tools/bin/../lib/gcc/arm-none-eabi/10.3.1/thumb/v7e-m+fp/hard/crtbegin.o

.rodata         0x000000000800410c       0x18
                0x000000000800410c                . = ALIGN (0x4)
 *(.rodata)
 *(.rodata*)
 .rodata.AHBPrescTable
                0x000000000800410c       0x10 ./Core/Src/system_stm32f4xx.o
                0x000000000800410c                AHBPrescTable
 .rodata.APBPrescTable
                0x000000000800411c        0x8 ./Core/Src/system_stm32f4xx.o
                0x000000000800411c                APBPrescTable
                0x0000000008004124                . = ALIGN (0x4)

.ARM.extab      0x0000000008004124        0x0
                0x0000000008004124                . = ALIGN (0x4)
 *(.ARM.extab* .gnu.linkonce.armextab.*)
                0x0000000008004124                . = ALIGN (0x4)

.ARM            0x0000000008004124        0x8
                0x0000000008004124                . = ALIGN (0x4)
                0x0000000008004124                __exidx_start = .
 *(.ARM.exidx*)
 .ARM.exidx     0x0000000008004124        0x8 /opt/st/stm32cubeide_1.10.1/plugins/com.st.stm32cube.ide.mcu.externaltools.gnu-tools-for-stm32.10.3-2021.10.linux64_1.0.0.202111181127/tools/bin/../lib/gcc/arm-none-eabi/10.3.1/thumb/v7e-m+fp/hard/libgcc.a(_udivmoddi4.o)
                0x000000000800412c                __exidx_end = .
                0x000000000800412c                . = ALIGN (0x4)

.rel.dyn        0x000000000800412c        0x0
 .rel.iplt      0x000000000800412c        0x0 /opt/st/stm32cubeide_1.10.1/plugins/com.st.stm32cube.ide.mcu.externaltools.gnu-tools-for-stm32.10.3-2021.10.linux64_1.0.0.202111181127/tools/bin/../lib/gcc/arm-none-eabi/10.3.1/thumb/v7e-m+fp/hard/crtbegin.o

.preinit_array  0x000000000800412c        0x0
                0x000000000800412c                . = ALIGN (0x4)
                0x000000000800412c                PROVIDE (__preinit_array_start = .)
 *(.preinit_array*)
                0x000000000800412c                PROVIDE (__preinit_array_end = .)
                0x000000000800412c                . = ALIGN (0x4)

.init_array     0x000000000800412c        0x4
                0x000000000800412c                . = ALIGN (0x4)
                0x000000000800412c                PROVIDE (__init_array_start = .)
 *(SORT_BY_NAME(.init_array.*))
 *(.init_array*)
 .init_array    0x000000000800412c        0x4 /opt/st/stm32cubeide_1.10.1/plugins/com.st.stm32cube.ide.mcu.externaltools.gnu-tools-for-stm32.10.3-2021.10.linux64_1.0.0.202111181127/tools/bin/../lib/gcc/arm-none-eabi/10.3.1/thumb/v7e-m+fp/hard/crtbegin.o
                0x0000000008004130                PROVIDE (__init_array_end = .)
                0x0000000008004130                . = ALIGN (0x4)

.fini_array     0x0000000008004130        0x4
                0x0000000008004130                . = ALIGN (0x4)
                [!provide]                        PROVIDE (__fini_array_start = .)
 *(SORT_BY_NAME(.fini_array.*))
 *(.fini_array*)
 .fini_array    0x0000000008004130        0x4 /opt/st/stm32cubeide_1.10.1/plugins/com.st.stm32cube.ide.mcu.externaltools.gnu-tools-for-stm32.10.3-2021.10.linux64_1.0.0.202111181127/tools/bin/../lib/gcc/arm-none-eabi/10.3.1/thumb/v7e-m+fp/hard/crtbegin.o
                [!provide]                        PROVIDE (__fini_array_end = .)
                0x0000000008004134                . = ALIGN (0x4)
                0x0000000008004134                _sidata = LOADADDR (.data)

.data           0x0000000020000000        0xc load address 0x0000000008004134
                0x0000000020000000                . = ALIGN (0x4)
                0x0000000020000000                _sdata = .
 *(.data)
 *(.data*)
 .data.SystemCoreClock
                0x0000000020000000        0x4 ./Core/Src/system_stm32f4xx.o
                0x0000000020000000                SystemCoreClock
 .data.uwTickPrio
                0x0000000020000004        0x4 ./Drivers/STM32F4xx_HAL_Driver/Src/stm32f4xx_hal.o
                0x0000000020000004                uwTickPrio
 .data.uwTickFreq
                0x0000000020000008        0x1 ./Drivers/STM32F4xx_HAL_Driver/Src/stm32f4xx_hal.o
                0x0000000020000008                uwTickFreq
 *(.RamFunc)
 *(.RamFunc*)
                0x000000002000000c                . = ALIGN (0x4)
 *fill*         0x0000000020000009        0x3 
                0x000000002000000c                _edata = .

.igot.plt       0x000000002000000c        0x0 load address 0x0000000008004140
 .igot.plt      0x000000002000000c        0x0 /opt/st/stm32cubeide_1.10.1/plugins/com.st.stm32cube.ide.mcu.externaltools.gnu-tools-for-stm32.10.3-2021.10.linux64_1.0.0.202111181127/tools/bin/../lib/gcc/arm-none-eabi/10.3.1/thumb/v7e-m+fp/hard/crtbegin.o
                0x000000002000000c                . = ALIGN (0x4)

.bss            0x000000002000000c       0xb8 load address 0x0000000008004140
                0x000000002000000c                _sbss = .
                0x000000002000000c                __bss_start__ = _sbss
 *(.bss)
 .bss           0x000000002000000c       0x1c /opt/st/stm32cubeide_1.10.1/plugins/com.st.stm32cube.ide.mcu.externaltools.gnu-tools-for-stm32.10.3-2021.10.linux64_1.0.0.202111181127/tools/bin/../lib/gcc/arm-none-eabi/10.3.1/thumb/v7e-m+fp/hard/crtbegin.o
 *(.bss*)
 .bss.hi2c1     0x0000000020000028       0x54 ./Core/Src/main.o
                0x0000000020000028                hi2c1
 .bss.huart2    0x000000002000007c       0x44 ./Core/Src/main.o
                0x000000002000007c                huart2
 .bss.uwTick    0x00000000200000c0        0x4 ./Drivers/STM32F4xx_HAL_Driver/Src/stm32f4xx_hal.o
                0x00000000200000c0                uwTick
 *(COMMON)
                0x00000000200000c4                . = ALIGN (0x4)
                0x00000000200000c4                _ebss = .
                0x00000000200000c4                __bss_end__ = _ebss

._user_heap_stack
                0x00000000200000c4      0x604 load address 0x0000000008004140
                0x00000000200000c8                . = ALIGN (0x8)
 *fill*         0x00000000200000c4        0x4 
                [!provide]                        PROVIDE (end = .)
                0x00000000200000c8                PROVIDE (_end = .)
                0x00000000200002c8                . = (. + _Min_Heap_Size)
 *fill*         0x00000000200000c8      0x200 
                0x00000000200006c8                . = (. + _Min_Stack_Size)
 *fill*         0x00000000200002c8      0x400 
                0x00000000200006c8                . = ALIGN (0x8)

/DISCARD/
 libc.a(*)
 libm.a(*)
 libgcc.a(*)

.ARM.attributes
                0x0000000000000000       0x30
 *(.ARM.attributes)
 .ARM.attributes
                0x0000000000000000       0x1e /opt/st/stm32cubeide_1.10.1/plugins/com.st.stm32cube.ide.mcu.externaltools.gnu-tools-for-stm32.10.3-2021.10.linux64_1.0.0.202111181127/tools/bin/../lib/gcc/arm-none-eabi/10.3.1/thumb/v7e-m+fp/hard/crti.o
 .ARM.attributes
                0x000000000000001e       0x34 /opt/st/stm32cubeide_1.10.1/plugins/com.st.stm32cube.ide.mcu.externaltools.gnu-tools-for-stm32.10.3-2021.10.linux64_1.0.0.202111181127/tools/bin/../lib/gcc/arm-none-eabi/10.3.1/thumb/v7e-m+fp/hard/crtbegin.o
 .ARM.attributes
                0x0000000000000052       0x34 ./Core/Src/main.o
 .ARM.attributes
                0x0000000000000086       0x34 ./Core/Src/stm32f4xx_hal_msp.o
 .ARM.attributes
                0x00000000000000ba       0x34 ./Core/Src/stm32f4xx_it.o
 .ARM.attributes
                0x00000000000000ee       0x34 ./Core/Src/system_stm32f4xx.o
 .ARM.attributes
                0x0000000000000122       0x21 ./Core/Startup/startup_stm32f446retx.o
 .ARM.attributes
                0x0000000000000143       0x34 ./Drivers/STM32F4xx_HAL_Driver/Src/stm32f4xx_hal.o
 .ARM.attributes
                0x0000000000000177       0x34 ./Drivers/STM32F4xx_HAL_Driver/Src/stm32f4xx_hal_cortex.o
 .ARM.attributes
                0x00000000000001ab       0x34 ./Drivers/STM32F4xx_HAL_Driver/Src/stm32f4xx_hal_gpio.o
 .ARM.attributes
                0x00000000000001df       0x34 ./Drivers/STM32F4xx_HAL_Driver/Src/stm32f4xx_hal_i2c.o
 .ARM.attributes
                0x0000000000000213       0x34 ./Drivers/STM32F4xx_HAL_Driver/Src/stm32f4xx_hal_rcc.o
 .ARM.attributes
                0x0000000000000247       0x34 ./Drivers/STM32F4xx_HAL_Driver/Src/stm32f4xx_hal_rcc_ex.o
 .ARM.attributes
                0x000000000000027b       0x34 ./Drivers/STM32F4xx_HAL_Driver/Src/stm32f4xx_hal_uart.o
 .ARM.attributes
                0x00000000000002af       0x34 /opt/st/stm32cubeide_1.10.1/plugins/com.st.stm32cube.ide.mcu.externaltools.gnu-tools-for-stm32.10.3-2021.10.linux64_1.0.0.202111181127/tools/bin/../lib/gcc/arm-none-eabi/10.3.1/../../../../arm-none-eabi/lib/thumb/v7e-m+fp/hard/libc_nano.a(lib_a-init.o)
 .ARM.attributes
                0x00000000000002e3       0x34 /opt/st/stm32cubeide_1.10.1/plugins/com.st.stm32cube.ide.mcu.externaltools.gnu-tools-for-stm32.10.3-2021.10.linux64_1.0.0.202111181127/tools/bin/../lib/gcc/arm-none-eabi/10.3.1/../../../../arm-none-eabi/lib/thumb/v7e-m+fp/hard/libc_nano.a(lib_a-memset.o)
 .ARM.attributes
                0x0000000000000317       0x1e /opt/st/stm32cubeide_1.10.1/plugins/com.st.stm32cube.ide.mcu.externaltools.gnu-tools-for-stm32.10.3-2021.10.linux64_1.0.0.202111181127/tools/bin/../lib/gcc/arm-none-eabi/10.3.1/thumb/v7e-m+fp/hard/libgcc.a(_arm_addsubdf3.o)
 .ARM.attributes
                0x0000000000000335       0x1e /opt/st/stm32cubeide_1.10.1/plugins/com.st.stm32cube.ide.mcu.externaltools.gnu-tools-for-stm32.10.3-2021.10.linux64_1.0.0.202111181127/tools/bin/../lib/gcc/arm-none-eabi/10.3.1/thumb/v7e-m+fp/hard/libgcc.a(_arm_muldivdf3.o)
 .ARM.attributes
                0x0000000000000353       0x1e /opt/st/stm32cubeide_1.10.1/plugins/com.st.stm32cube.ide.mcu.externaltools.gnu-tools-for-stm32.10.3-2021.10.linux64_1.0.0.202111181127/tools/bin/../lib/gcc/arm-none-eabi/10.3.1/thumb/v7e-m+fp/hard/libgcc.a(_arm_truncdfsf2.o)
 .ARM.attributes
                0x0000000000000371       0x1e /opt/st/stm32cubeide_1.10.1/plugins/com.st.stm32cube.ide.mcu.externaltools.gnu-tools-for-stm32.10.3-2021.10.linux64_1.0.0.202111181127/tools/bin/../lib/gcc/arm-none-eabi/10.3.1/thumb/v7e-m+fp/hard/libgcc.a(_aeabi_uldivmod.o)
 .ARM.attributes
                0x000000000000038f       0x34 /opt/st/stm32cubeide_1.10.1/plugins/com.st.stm32cube.ide.mcu.externaltools.gnu-tools-for-stm32.10.3-2021.10.linux64_1.0.0.202111181127/tools/bin/../lib/gcc/arm-none-eabi/10.3.1/thumb/v7e-m+fp/hard/libgcc.a(_udivmoddi4.o)
 .ARM.attributes
                0x00000000000003c3       0x1e /opt/st/stm32cubeide_1.10.1/plugins/com.st.stm32cube.ide.mcu.externaltools.gnu-tools-for-stm32.10.3-2021.10.linux64_1.0.0.202111181127/tools/bin/../lib/gcc/arm-none-eabi/10.3.1/thumb/v7e-m+fp/hard/libgcc.a(_dvmd_tls.o)
 .ARM.attributes
                0x00000000000003e1       0x1e /opt/st/stm32cubeide_1.10.1/plugins/com.st.stm32cube.ide.mcu.externaltools.gnu-tools-for-stm32.10.3-2021.10.linux64_1.0.0.202111181127/tools/bin/../lib/gcc/arm-none-eabi/10.3.1/thumb/v7e-m+fp/hard/crtn.o
OUTPUT(FXOS8700.elf elf32-littlearm)
LOAD linker stubs
LOAD /opt/st/stm32cubeide_1.10.1/plugins/com.st.stm32cube.ide.mcu.externaltools.gnu-tools-for-stm32.10.3-2021.10.linux64_1.0.0.202111181127/tools/bin/../lib/gcc/arm-none-eabi/10.3.1/../../../../arm-none-eabi/lib/thumb/v7e-m+fp/hard/libc.a
LOAD /opt/st/stm32cubeide_1.10.1/plugins/com.st.stm32cube.ide.mcu.externaltools.gnu-tools-for-stm32.10.3-2021.10.linux64_1.0.0.202111181127/tools/bin/../lib/gcc/arm-none-eabi/10.3.1/../../../../arm-none-eabi/lib/thumb/v7e-m+fp/hard/libm.a
LOAD /opt/st/stm32cubeide_1.10.1/plugins/com.st.stm32cube.ide.mcu.externaltools.gnu-tools-for-stm32.10.3-2021.10.linux64_1.0.0.202111181127/tools/bin/../lib/gcc/arm-none-eabi/10.3.1/thumb/v7e-m+fp/hard/libgcc.a

.debug_info     0x0000000000000000     0xb1a2
 .debug_info    0x0000000000000000     0x12d0 ./Core/Src/main.o
 .debug_info    0x00000000000012d0      0xd01 ./Core/Src/stm32f4xx_hal_msp.o
 .debug_info    0x0000000000001fd1      0x121 ./Core/Src/stm32f4xx_it.o
 .debug_info    0x00000000000020f2      0x55b ./Core/Src/system_stm32f4xx.o
 .debug_info    0x000000000000264d       0x22 ./Core/Startup/startup_stm32f446retx.o
 .debug_info    0x000000000000266f      0x9d2 ./Drivers/STM32F4xx_HAL_Driver/Src/stm32f4xx_hal.o
 .debug_info    0x0000000000003041      0xe39 ./Drivers/STM32F4xx_HAL_Driver/Src/stm32f4xx_hal_cortex.o
 .debug_info    0x0000000000003e7a      0x7be ./Drivers/STM32F4xx_HAL_Driver/Src/stm32f4xx_hal_gpio.o
 .debug_info    0x0000000000004638     0x2617 ./Drivers/STM32F4xx_HAL_Driver/Src/stm32f4xx_hal_i2c.o
 .debug_info    0x0000000000006c4f      0x9ab ./Drivers/STM32F4xx_HAL_Driver/Src/stm32f4xx_hal_rcc.o
 .debug_info    0x00000000000075fa      0x9ec ./Drivers/STM32F4xx_HAL_Driver/Src/stm32f4xx_hal_rcc_ex.o
 .debug_info    0x0000000000007fe6     0x31bc ./Drivers/STM32F4xx_HAL_Driver/Src/stm32f4xx_hal_uart.o

.debug_abbrev   0x0000000000000000     0x1711
 .debug_abbrev  0x0000000000000000      0x2ae ./Core/Src/main.o
 .debug_abbrev  0x00000000000002ae      0x1b0 ./Core/Src/stm32f4xx_hal_msp.o
 .debug_abbrev  0x000000000000045e       0x74 ./Core/Src/stm32f4xx_it.o
 .debug_abbrev  0x00000000000004d2      0x116 ./Core/Src/system_stm32f4xx.o
 .debug_abbrev  0x00000000000005e8       0x12 ./Core/Startup/startup_stm32f446retx.o
 .debug_abbrev  0x00000000000005fa      0x20d ./Drivers/STM32F4xx_HAL_Driver/Src/stm32f4xx_hal.o
 .debug_abbrev  0x0000000000000807      0x316 ./Drivers/STM32F4xx_HAL_Driver/Src/stm32f4xx_hal_cortex.o
 .debug_abbrev  0x0000000000000b1d      0x1c4 ./Drivers/STM32F4xx_HAL_Driver/Src/stm32f4xx_hal_gpio.o
 .debug_abbrev  0x0000000000000ce1      0x297 ./Drivers/STM32F4xx_HAL_Driver/Src/stm32f4xx_hal_i2c.o
 .debug_abbrev  0x0000000000000f78      0x2aa ./Drivers/STM32F4xx_HAL_Driver/Src/stm32f4xx_hal_rcc.o
 .debug_abbrev  0x0000000000001222      0x1fb ./Drivers/STM32F4xx_HAL_Driver/Src/stm32f4xx_hal_rcc_ex.o
 .debug_abbrev  0x000000000000141d      0x2f4 ./Drivers/STM32F4xx_HAL_Driver/Src/stm32f4xx_hal_uart.o

.debug_aranges  0x0000000000000000      0x950
 .debug_aranges
                0x0000000000000000       0x60 ./Core/Src/main.o
 .debug_aranges
                0x0000000000000060       0x40 ./Core/Src/stm32f4xx_hal_msp.o
 .debug_aranges
                0x00000000000000a0       0x60 ./Core/Src/stm32f4xx_it.o
 .debug_aranges
                0x0000000000000100       0x28 ./Core/Src/system_stm32f4xx.o
 .debug_aranges
                0x0000000000000128       0x28 ./Core/Startup/startup_stm32f446retx.o
 .debug_aranges
                0x0000000000000150       0xf0 ./Drivers/STM32F4xx_HAL_Driver/Src/stm32f4xx_hal.o
 .debug_aranges
                0x0000000000000240      0x118 ./Drivers/STM32F4xx_HAL_Driver/Src/stm32f4xx_hal_cortex.o
 .debug_aranges
                0x0000000000000358       0x58 ./Drivers/STM32F4xx_HAL_Driver/Src/stm32f4xx_hal_gpio.o
 .debug_aranges
                0x00000000000003b0      0x2a0 ./Drivers/STM32F4xx_HAL_Driver/Src/stm32f4xx_hal_i2c.o
 .debug_aranges
                0x0000000000000650       0x88 ./Drivers/STM32F4xx_HAL_Driver/Src/stm32f4xx_hal_rcc.o
 .debug_aranges
                0x00000000000006d8       0x78 ./Drivers/STM32F4xx_HAL_Driver/Src/stm32f4xx_hal_rcc_ex.o
 .debug_aranges
                0x0000000000000750      0x200 ./Drivers/STM32F4xx_HAL_Driver/Src/stm32f4xx_hal_uart.o

.debug_ranges   0x0000000000000000      0x8e0
 .debug_ranges  0x0000000000000000       0x50 ./Core/Src/main.o
 .debug_ranges  0x0000000000000050       0x30 ./Core/Src/stm32f4xx_hal_msp.o
 .debug_ranges  0x0000000000000080       0x50 ./Core/Src/stm32f4xx_it.o
 .debug_ranges  0x00000000000000d0       0x18 ./Core/Src/system_stm32f4xx.o
 .debug_ranges  0x00000000000000e8       0x20 ./Core/Startup/startup_stm32f446retx.o
 .debug_ranges  0x0000000000000108       0xe0 ./Drivers/STM32F4xx_HAL_Driver/Src/stm32f4xx_hal.o
 .debug_ranges  0x00000000000001e8      0x108 ./Drivers/STM32F4xx_HAL_Driver/Src/stm32f4xx_hal_cortex.o
 .debug_ranges  0x00000000000002f0       0x48 ./Drivers/STM32F4xx_HAL_Driver/Src/stm32f4xx_hal_gpio.o
 .debug_ranges  0x0000000000000338      0x2a8 ./Drivers/STM32F4xx_HAL_Driver/Src/stm32f4xx_hal_i2c.o
 .debug_ranges  0x00000000000005e0       0x78 ./Drivers/STM32F4xx_HAL_Driver/Src/stm32f4xx_hal_rcc.o
 .debug_ranges  0x0000000000000658       0x68 ./Drivers/STM32F4xx_HAL_Driver/Src/stm32f4xx_hal_rcc_ex.o
 .debug_ranges  0x00000000000006c0      0x220 ./Drivers/STM32F4xx_HAL_Driver/Src/stm32f4xx_hal_uart.o

.debug_macro    0x0000000000000000    0x2072b
 .debug_macro   0x0000000000000000      0x21e ./Core/Src/main.o
 .debug_macro   0x000000000000021e      0xa78 ./Core/Src/main.o
 .debug_macro   0x0000000000000c96      0x29b ./Core/Src/main.o
 .debug_macro   0x0000000000000f31       0x2e ./Core/Src/main.o
 .debug_macro   0x0000000000000f5f       0x28 ./Core/Src/main.o
 .debug_macro   0x0000000000000f87       0x22 ./Core/Src/main.o
 .debug_macro   0x0000000000000fa9       0x8e ./Core/Src/main.o
 .debug_macro   0x0000000000001037       0x51 ./Core/Src/main.o
 .debug_macro   0x0000000000001088      0x103 ./Core/Src/main.o
 .debug_macro   0x000000000000118b       0x6a ./Core/Src/main.o
 .debug_macro   0x00000000000011f5      0x1df ./Core/Src/main.o
 .debug_macro   0x00000000000013d4       0x1c ./Core/Src/main.o
 .debug_macro   0x00000000000013f0       0x22 ./Core/Src/main.o
 .debug_macro   0x0000000000001412       0xd9 ./Core/Src/main.o
 .debug_macro   0x00000000000014eb     0x102d ./Core/Src/main.o
 .debug_macro   0x0000000000002518      0x11f ./Core/Src/main.o
 .debug_macro   0x0000000000002637    0x16749 ./Core/Src/main.o
 .debug_macro   0x0000000000018d80       0x6d ./Core/Src/main.o
 .debug_macro   0x0000000000018ded     0x367e ./Core/Src/main.o
 .debug_macro   0x000000000001c46b      0x174 ./Core/Src/main.o
 .debug_macro   0x000000000001c5df       0x5c ./Core/Src/main.o
 .debug_macro   0x000000000001c63b      0xc90 ./Core/Src/main.o
 .debug_macro   0x000000000001d2cb      0x9fe ./Core/Src/main.o
 .debug_macro   0x000000000001dcc9      0x115 ./Core/Src/main.o
 .debug_macro   0x000000000001ddde      0x1a0 ./Core/Src/main.o
 .debug_macro   0x000000000001df7e       0xa5 ./Core/Src/main.o
 .debug_macro   0x000000000001e023      0x16d ./Core/Src/main.o
 .debug_macro   0x000000000001e190      0x287 ./Core/Src/main.o
 .debug_macro   0x000000000001e417       0x5f ./Core/Src/main.o
 .debug_macro   0x000000000001e476      0x236 ./Core/Src/main.o
 .debug_macro   0x000000000001e6ac      0x132 ./Core/Src/main.o
 .debug_macro   0x000000000001e7de      0x29c ./Core/Src/main.o
 .debug_macro   0x000000000001ea7a       0x2e ./Core/Src/main.o
 .debug_macro   0x000000000001eaa8      0x1b5 ./Core/Src/main.o
 .debug_macro   0x000000000001ec5d       0x22 ./Core/Src/main.o
 .debug_macro   0x000000000001ec7f       0xd6 ./Core/Src/main.o
 .debug_macro   0x000000000001ed55      0x11a ./Core/Src/main.o
 .debug_macro   0x000000000001ee6f       0xe8 ./Core/Src/main.o
 .debug_macro   0x000000000001ef57       0x89 ./Core/Src/main.o
 .debug_macro   0x000000000001efe0      0x295 ./Core/Src/main.o
 .debug_macro   0x000000000001f275      0x126 ./Core/Src/main.o
 .debug_macro   0x000000000001f39b       0x58 ./Core/Src/main.o
 .debug_macro   0x000000000001f3f3      0x1e2 ./Core/Src/stm32f4xx_hal_msp.o
 .debug_macro   0x000000000001f5d5      0x1ec ./Core/Src/stm32f4xx_it.o
 .debug_macro   0x000000000001f7c1      0x1d3 ./Core/Src/system_stm32f4xx.o
 .debug_macro   0x000000000001f994      0x233 ./Drivers/STM32F4xx_HAL_Driver/Src/stm32f4xx_hal.o
 .debug_macro   0x000000000001fbc7      0x1d3 ./Drivers/STM32F4xx_HAL_Driver/Src/stm32f4xx_hal_cortex.o
 .debug_macro   0x000000000001fd9a      0x1d9 ./Drivers/STM32F4xx_HAL_Driver/Src/stm32f4xx_hal_gpio.o
 .debug_macro   0x000000000001ff73      0x21a ./Drivers/STM32F4xx_HAL_Driver/Src/stm32f4xx_hal_i2c.o
 .debug_macro   0x000000000002018d      0x1f7 ./Drivers/STM32F4xx_HAL_Driver/Src/stm32f4xx_hal_rcc.o
 .debug_macro   0x0000000000020384      0x1d3 ./Drivers/STM32F4xx_HAL_Driver/Src/stm32f4xx_hal_rcc_ex.o
 .debug_macro   0x0000000000020557      0x1d4 ./Drivers/STM32F4xx_HAL_Driver/Src/stm32f4xx_hal_uart.o

.debug_line     0x0000000000000000     0xc497
 .debug_line    0x0000000000000000      0x9ec ./Core/Src/main.o
 .debug_line    0x00000000000009ec      0x733 ./Core/Src/stm32f4xx_hal_msp.o
 .debug_line    0x000000000000111f      0x75a ./Core/Src/stm32f4xx_it.o
 .debug_line    0x0000000000001879      0x719 ./Core/Src/system_stm32f4xx.o
 .debug_line    0x0000000000001f92       0x88 ./Core/Startup/startup_stm32f446retx.o
 .debug_line    0x000000000000201a      0x97f ./Drivers/STM32F4xx_HAL_Driver/Src/stm32f4xx_hal.o
 .debug_line    0x0000000000002999      0xc2e ./Drivers/STM32F4xx_HAL_Driver/Src/stm32f4xx_hal_cortex.o
 .debug_line    0x00000000000035c7      0xadf ./Drivers/STM32F4xx_HAL_Driver/Src/stm32f4xx_hal_gpio.o
 .debug_line    0x00000000000040a6     0x3934 ./Drivers/STM32F4xx_HAL_Driver/Src/stm32f4xx_hal_i2c.o
 .debug_line    0x00000000000079da      0xd07 ./Drivers/STM32F4xx_HAL_Driver/Src/stm32f4xx_hal_rcc.o
 .debug_line    0x00000000000086e1     0x1392 ./Drivers/STM32F4xx_HAL_Driver/Src/stm32f4xx_hal_rcc_ex.o
 .debug_line    0x0000000000009a73     0x2a24 ./Drivers/STM32F4xx_HAL_Driver/Src/stm32f4xx_hal_uart.o

.debug_str      0x0000000000000000    0xc6bb2
 .debug_str     0x0000000000000000    0xc439a ./Core/Src/main.o
                                      0xc46bc (size before relaxing)
 .debug_str     0x00000000000c439a       0xaa ./Core/Src/stm32f4xx_hal_msp.o
                                      0xc42c4 (size before relaxing)
 .debug_str     0x00000000000c4444       0xc9 ./Core/Src/stm32f4xx_it.o
                                      0xc3a74 (size before relaxing)
 .debug_str     0x00000000000c450d       0xdb ./Core/Src/system_stm32f4xx.o
                                      0xc3a9d (size before relaxing)
 .debug_str     0x00000000000c45e8       0x36 ./Core/Startup/startup_stm32f446retx.o
                                         0x6c (size before relaxing)
 .debug_str     0x00000000000c461e      0xb11 ./Drivers/STM32F4xx_HAL_Driver/Src/stm32f4xx_hal.o
                                      0xc4662 (size before relaxing)
 .debug_str     0x00000000000c512f      0x354 ./Drivers/STM32F4xx_HAL_Driver/Src/stm32f4xx_hal_cortex.o
                                      0xc4370 (size before relaxing)
 .debug_str     0x00000000000c5483      0x121 ./Drivers/STM32F4xx_HAL_Driver/Src/stm32f4xx_hal_gpio.o
                                      0xc3c18 (size before relaxing)
 .debug_str     0x00000000000c55a4      0xadc ./Drivers/STM32F4xx_HAL_Driver/Src/stm32f4xx_hal_i2c.o
                                      0xc4a48 (size before relaxing)
 .debug_str     0x00000000000c6080      0x213 ./Drivers/STM32F4xx_HAL_Driver/Src/stm32f4xx_hal_rcc.o
                                      0xc3ed6 (size before relaxing)
 .debug_str     0x00000000000c6293      0x324 ./Drivers/STM32F4xx_HAL_Driver/Src/stm32f4xx_hal_rcc_ex.o
                                      0xc3f09 (size before relaxing)
 .debug_str     0x00000000000c65b7      0x5fb ./Drivers/STM32F4xx_HAL_Driver/Src/stm32f4xx_hal_uart.o
                                      0xc444b (size before relaxing)

.comment        0x0000000000000000       0x50
 .comment       0x0000000000000000       0x50 ./Core/Src/main.o
                                         0x51 (size before relaxing)
 .comment       0x0000000000000050       0x51 ./Core/Src/stm32f4xx_hal_msp.o
 .comment       0x0000000000000050       0x51 ./Core/Src/stm32f4xx_it.o
 .comment       0x0000000000000050       0x51 ./Core/Src/system_stm32f4xx.o
 .comment       0x0000000000000050       0x51 ./Drivers/STM32F4xx_HAL_Driver/Src/stm32f4xx_hal.o
 .comment       0x0000000000000050       0x51 ./Drivers/STM32F4xx_HAL_Driver/Src/stm32f4xx_hal_cortex.o
 .comment       0x0000000000000050       0x51 ./Drivers/STM32F4xx_HAL_Driver/Src/stm32f4xx_hal_gpio.o
 .comment       0x0000000000000050       0x51 ./Drivers/STM32F4xx_HAL_Driver/Src/stm32f4xx_hal_i2c.o
 .comment       0x0000000000000050       0x51 ./Drivers/STM32F4xx_HAL_Driver/Src/stm32f4xx_hal_rcc.o
 .comment       0x0000000000000050       0x51 ./Drivers/STM32F4xx_HAL_Driver/Src/stm32f4xx_hal_rcc_ex.o
 .comment       0x0000000000000050       0x51 ./Drivers/STM32F4xx_HAL_Driver/Src/stm32f4xx_hal_uart.o

.debug_frame    0x0000000000000000     0x27e8
 .debug_frame   0x0000000000000000      0x140 ./Core/Src/main.o
 .debug_frame   0x0000000000000140       0xc4 ./Core/Src/stm32f4xx_hal_msp.o
 .debug_frame   0x0000000000000204      0x104 ./Core/Src/stm32f4xx_it.o
 .debug_frame   0x0000000000000308       0x58 ./Core/Src/system_stm32f4xx.o
 .debug_frame   0x0000000000000360      0x374 ./Drivers/STM32F4xx_HAL_Driver/Src/stm32f4xx_hal.o
 .debug_frame   0x00000000000006d4      0x498 ./Drivers/STM32F4xx_HAL_Driver/Src/stm32f4xx_hal_cortex.o
 .debug_frame   0x0000000000000b6c      0x14c ./Drivers/STM32F4xx_HAL_Driver/Src/stm32f4xx_hal_gpio.o
 .debug_frame   0x0000000000000cb8      0xc5c ./Drivers/STM32F4xx_HAL_Driver/Src/stm32f4xx_hal_i2c.o
 .debug_frame   0x0000000000001914      0x1f4 ./Drivers/STM32F4xx_HAL_Driver/Src/stm32f4xx_hal_rcc.o
 .debug_frame   0x0000000000001b08      0x1e8 ./Drivers/STM32F4xx_HAL_Driver/Src/stm32f4xx_hal_rcc_ex.o
 .debug_frame   0x0000000000001cf0      0x92c ./Drivers/STM32F4xx_HAL_Driver/Src/stm32f4xx_hal_uart.o
 .debug_frame   0x000000000000261c       0x2c /opt/st/stm32cubeide_1.10.1/plugins/com.st.stm32cube.ide.mcu.externaltools.gnu-tools-for-stm32.10.3-2021.10.linux64_1.0.0.202111181127/tools/bin/../lib/gcc/arm-none-eabi/10.3.1/../../../../arm-none-eabi/lib/thumb/v7e-m+fp/hard/libc_nano.a(lib_a-init.o)
 .debug_frame   0x0000000000002648       0x20 /opt/st/stm32cubeide_1.10.1/plugins/com.st.stm32cube.ide.mcu.externaltools.gnu-tools-for-stm32.10.3-2021.10.linux64_1.0.0.202111181127/tools/bin/../lib/gcc/arm-none-eabi/10.3.1/../../../../arm-none-eabi/lib/thumb/v7e-m+fp/hard/libc_nano.a(lib_a-memset.o)
 .debug_frame   0x0000000000002668       0xac /opt/st/stm32cubeide_1.10.1/plugins/com.st.stm32cube.ide.mcu.externaltools.gnu-tools-for-stm32.10.3-2021.10.linux64_1.0.0.202111181127/tools/bin/../lib/gcc/arm-none-eabi/10.3.1/thumb/v7e-m+fp/hard/libgcc.a(_arm_addsubdf3.o)
 .debug_frame   0x0000000000002714       0x50 /opt/st/stm32cubeide_1.10.1/plugins/com.st.stm32cube.ide.mcu.externaltools.gnu-tools-for-stm32.10.3-2021.10.linux64_1.0.0.202111181127/tools/bin/../lib/gcc/arm-none-eabi/10.3.1/thumb/v7e-m+fp/hard/libgcc.a(_arm_muldivdf3.o)
 .debug_frame   0x0000000000002764       0x24 /opt/st/stm32cubeide_1.10.1/plugins/com.st.stm32cube.ide.mcu.externaltools.gnu-tools-for-stm32.10.3-2021.10.linux64_1.0.0.202111181127/tools/bin/../lib/gcc/arm-none-eabi/10.3.1/thumb/v7e-m+fp/hard/libgcc.a(_arm_truncdfsf2.o)
 .debug_frame   0x0000000000002788       0x2c /opt/st/stm32cubeide_1.10.1/plugins/com.st.stm32cube.ide.mcu.externaltools.gnu-tools-for-stm32.10.3-2021.10.linux64_1.0.0.202111181127/tools/bin/../lib/gcc/arm-none-eabi/10.3.1/thumb/v7e-m+fp/hard/libgcc.a(_aeabi_uldivmod.o)
 .debug_frame   0x00000000000027b4       0x34 /opt/st/stm32cubeide_1.10.1/plugins/com.st.stm32cube.ide.mcu.externaltools.gnu-tools-for-stm32.10.3-2021.10.linux64_1.0.0.202111181127/tools/bin/../lib/gcc/arm-none-eabi/10.3.1/thumb/v7e-m+fp/hard/libgcc.a(_udivmoddi4.o)
