23:09:29 **** Incremental Build of configuration Debug for project ADC_DAC ****
make -j12 all 
arm-none-eabi-gcc "../Core/Src/main.c" -mcpu=cortex-m4 -std=gnu11 -g3 -DDEBUG -DUSE_HAL_DRIVER -DSTM32F446xx -c -I../Core/Inc -I../Drivers/STM32F4xx_HAL_Driver/Inc -I../Drivers/STM32F4xx_HAL_Driver/Inc/Legacy -I../Drivers/CMSIS/Device/ST/STM32F4xx/Include -I../Drivers/CMSIS/Include -O0 -ffunction-sections -fdata-sections -Wall -fstack-usage -MMD -MP -MF"Core/Src/main.d" -MT"Core/Src/main.o" --specs=nano.specs -mfpu=fpv4-sp-d16 -mfloat-abi=hard -mthumb -o "Core/Src/main.o"
../Core/Src/main.c: In function 'main':
../Core/Src/main.c:141:22: warning: unused variable 'res2' [-Wunused-variable]
  141 |    HAL_StatusTypeDef res2 = HAL_ADC_ConfigChannel(&hadc1, &sConfig);
      |                      ^~~~
../Core/Src/main.c:132:22: warning: unused variable 'res1' [-Wunused-variable]
  132 |    HAL_StatusTypeDef res1 = HAL_ADC_ConfigChannel(&hadc1, &sConfig);
      |                      ^~~~
../Core/Src/main.c:123:22: warning: unused variable 'res' [-Wunused-variable]
  123 |    HAL_StatusTypeDef res = HAL_ADC_ConfigChannel(&hadc1, &sConfig);
      |                      ^~~
arm-none-eabi-gcc -o "ADC_DAC.elf" @"objects.list"   -mcpu=cortex-m4 -T"/home/gosmann/Documents/stm32_examples/ADC_DAC/STM32F446RETX_FLASH.ld" --specs=nosys.specs -Wl,-Map="ADC_DAC.map" -Wl,--gc-sections -static --specs=nano.specs -mfpu=fpv4-sp-d16 -mfloat-abi=hard -mthumb -Wl,--start-group -lc -lm -Wl,--end-group
Finished building target: ADC_DAC.elf
 
arm-none-eabi-size   ADC_DAC.elf 
arm-none-eabi-objdump -h -S  ADC_DAC.elf  > "ADC_DAC.list"
   text	   data	    bss	    dec	    hex	filename
  14004	     20	   1740	  15764	   3d94	ADC_DAC.elf
Finished building: default.size.stdout
 
Finished building: ADC_DAC.list
 

23:09:30 Build Finished. 0 errors, 3 warnings. (took 1s.594ms)

