01:18:42 **** Incremental Build of configuration Debug for project ADC_DMA ****
make -j12 all 
arm-none-eabi-gcc "../Core/Src/main.c" -mcpu=cortex-m4 -std=gnu11 -g3 -DDEBUG -DUSE_HAL_DRIVER -DSTM32F446xx -c -I../Core/Inc -I../Drivers/STM32F4xx_HAL_Driver/Inc -I../Drivers/STM32F4xx_HAL_Driver/Inc/Legacy -I../Drivers/CMSIS/Device/ST/STM32F4xx/Include -I../Drivers/CMSIS/Include -O0 -ffunction-sections -fdata-sections -Wall -fstack-usage -MMD -MP -MF"Core/Src/main.d" -MT"Core/Src/main.o" --specs=nano.specs -mfpu=fpv4-sp-d16 -mfloat-abi=hard -mthumb -o "Core/Src/main.o"
../Core/Src/main.c:79:1: warning: return type defaults to 'int' [-Wimplicit-int]
   79 | HAL_TIM_PeriodElapsedCallback(TIM_HandleTypeDef *htim){
      | ^~~~~~~~~~~~~~~~~~~~~~~~~~~~~
../Core/Src/main.c:79:1: warning: conflicting types for 'HAL_TIM_PeriodElapsedCallback'
In file included from ../Core/Inc/stm32f4xx_hal_conf.h:403,
                 from ../Drivers/STM32F4xx_HAL_Driver/Inc/stm32f4xx_hal.h:29,
                 from ../Core/Inc/main.h:30,
                 from ../Core/Src/main.c:20:
../Drivers/STM32F4xx_HAL_Driver/Inc/stm32f4xx_hal_tim.h:2062:6: note: previous declaration of 'HAL_TIM_PeriodElapsedCallback' was here
 2062 | void HAL_TIM_PeriodElapsedCallback(TIM_HandleTypeDef *htim);
      |      ^~~~~~~~~~~~~~~~~~~~~~~~~~~~~
../Core/Src/main.c: In function 'HAL_TIM_PeriodElapsedCallback':
../Core/Src/main.c:86:2: warning: implicit declaration of function 'sprintf' [-Wimplicit-function-declaration]
   86 |  sprintf(buffer, "adc1: %f | adc2: %f \n", adc_voltage_0, adc_voltage_1);
      |  ^~~~~~~
../Core/Src/main.c:86:2: warning: incompatible implicit declaration of built-in function 'sprintf'
../Core/Src/main.c:21:1: note: include '<stdio.h>' or provide a declaration of 'sprintf'
   20 | #include "main.h"
  +++ |+#include <stdio.h>
   21 | 
../Core/Src/main.c:89:66: warning: implicit declaration of function 'strlen' [-Wimplicit-function-declaration]
   89 |   HAL_StatusTypeDef result = HAL_UART_Transmit( &huart2, buffer, strlen(buffer), 100);
      |                                                                  ^~~~~~
../Core/Src/main.c:89:66: warning: incompatible implicit declaration of built-in function 'strlen'
../Core/Src/main.c:21:1: note: include '<string.h>' or provide a declaration of 'strlen'
   20 | #include "main.h"
  +++ |+#include <string.h>
   21 | 
../Core/Src/main.c:89:58: warning: pointer targets in passing argument 2 of 'HAL_UART_Transmit' differ in signedness [-Wpointer-sign]
   89 |   HAL_StatusTypeDef result = HAL_UART_Transmit( &huart2, buffer, strlen(buffer), 100);
      |                                                          ^~~~~~
      |                                                          |
      |                                                          char *
In file included from ../Core/Inc/stm32f4xx_hal_conf.h:407,
                 from ../Drivers/STM32F4xx_HAL_Driver/Inc/stm32f4xx_hal.h:29,
                 from ../Core/Inc/main.h:30,
                 from ../Core/Src/main.c:20:
../Drivers/STM32F4xx_HAL_Driver/Inc/stm32f4xx_hal_uart.h:722:79: note: expected 'const uint8_t *' {aka 'const unsigned char *'} but argument is of type 'char *'
  722 | HAL_StatusTypeDef HAL_UART_Transmit(UART_HandleTypeDef *huart, const uint8_t *pData, uint16_t Size, uint32_t Timeout);
      |                                                                ~~~~~~~~~~~~~~~^~~~~
../Core/Src/main.c:89:21: warning: unused variable 'result' [-Wunused-variable]
   89 |   HAL_StatusTypeDef result = HAL_UART_Transmit( &huart2, buffer, strlen(buffer), 100);
      |                     ^~~~~~
../Core/Src/main.c: In function 'main':
../Core/Src/main.c:145:57: warning: passing argument 2 of 'HAL_ADC_Start_DMA' from incompatible pointer type [-Wincompatible-pointer-types]
  145 |   HAL_StatusTypeDef result = HAL_ADC_Start_DMA( &hadc1, adc_values, 2);
      |                                                         ^~~~~~~~~~
      |                                                         |
      |                                                         uint16_t * {aka short unsigned int *}
In file included from ../Core/Inc/stm32f4xx_hal_conf.h:295,
                 from ../Drivers/STM32F4xx_HAL_Driver/Inc/stm32f4xx_hal.h:29,
                 from ../Core/Inc/main.h:30,
                 from ../Core/Src/main.c:20:
../Drivers/STM32F4xx_HAL_Driver/Inc/stm32f4xx_hal_adc.h:594:72: note: expected 'uint32_t *' {aka 'long unsigned int *'} but argument is of type 'uint16_t *' {aka 'short unsigned int *'}
  594 | HAL_StatusTypeDef HAL_ADC_Start_DMA(ADC_HandleTypeDef* hadc, uint32_t* pData, uint32_t Length);
      |                                                              ~~~~~~~~~~^~~~~
../Core/Src/main.c:145:21: warning: unused variable 'result' [-Wunused-variable]
  145 |   HAL_StatusTypeDef result = HAL_ADC_Start_DMA( &hadc1, adc_values, 2);
      |                     ^~~~~~
arm-none-eabi-gcc -o "ADC_DMA.elf" @"objects.list"   -mcpu=cortex-m4 -T"/home/gosmann/Documents/stm32_examples/ADC_DMA/STM32F446RETX_FLASH.ld" --specs=nosys.specs -Wl,-Map="ADC_DMA.map" -Wl,--gc-sections -static -u_printf_float --specs=nano.specs -mfpu=fpv4-sp-d16 -mfloat-abi=hard -mthumb -Wl,--start-group -lc -lm -Wl,--end-group
Finished building target: ADC_DMA.elf
 
arm-none-eabi-size   ADC_DMA.elf 
arm-none-eabi-objdump -h -S  ADC_DMA.elf  > "ADC_DMA.list"
   text	   data	    bss	    dec	    hex	filename
  33472	    484	   1924	  35880	   8c28	ADC_DMA.elf
Finished building: default.size.stdout
 
Finished building: ADC_DMA.list
 

01:18:43 Build Finished. 0 errors, 10 warnings. (took 1s.597ms)

