20:50:27 **** Incremental Build of configuration Debug for project button ****
make -j12 all 
arm-none-eabi-gcc "../Core/Src/main.c" -mcpu=cortex-m4 -std=gnu11 -g3 -DDEBUG -DUSE_HAL_DRIVER -DSTM32F446xx -c -I../Core/Inc -I../Drivers/STM32F4xx_HAL_Driver/Inc -I../Drivers/STM32F4xx_HAL_Driver/Inc/Legacy -I../Drivers/CMSIS/Device/ST/STM32F4xx/Include -I../Drivers/CMSIS/Include -O0 -ffunction-sections -fdata-sections -Wall -fstack-usage -MMD -MP -MF"Core/Src/main.d" -MT"Core/Src/main.o" --specs=nano.specs -mfpu=fpv4-sp-d16 -mfloat-abi=hard -mthumb -o "Core/Src/main.o"
arm-none-eabi-gcc -o "button.elf" @"objects.list"   -mcpu=cortex-m4 -T"/home/gosmann/Documents/stm32_examples/button/STM32F446RETX_FLASH.ld" --specs=nosys.specs -Wl,-Map="button.map" -Wl,--gc-sections -static --specs=nano.specs -mfpu=fpv4-sp-d16 -mfloat-abi=hard -mthumb -Wl,--start-group -lc -lm -Wl,--end-group
Finished building target: button.elf
 
arm-none-eabi-size   button.elf 
arm-none-eabi-objdump -h -S  button.elf  > "button.list"
   text	   data	    bss	    dec	    hex	filename
   8496	     20	   1636	  10152	   27a8	button.elf
Finished building: default.size.stdout
 
Finished building: button.list
 

20:50:29 Build Finished. 0 errors, 0 warnings. (took 1s.386ms)

