21:33:04 **** Incremental Build of configuration Debug for project DAC_pooling ****
make -j12 all 
arm-none-eabi-gcc "../Core/Src/main.c" -mcpu=cortex-m4 -std=gnu11 -g3 -DDEBUG -DUSE_HAL_DRIVER -DSTM32F446xx -c -I../Core/Inc -I../Drivers/STM32F4xx_HAL_Driver/Inc -I../Drivers/STM32F4xx_HAL_Driver/Inc/Legacy -I../Drivers/CMSIS/Device/ST/STM32F4xx/Include -I../Drivers/CMSIS/Include -O0 -ffunction-sections -fdata-sections -Wall -fstack-usage -MMD -MP -MF"Core/Src/main.d" -MT"Core/Src/main.o" --specs=nano.specs -mfpu=fpv4-sp-d16 -mfloat-abi=hard -mthumb -o "Core/Src/main.o"
arm-none-eabi-gcc -o "DAC_pooling.elf" @"objects.list"   -mcpu=cortex-m4 -T"/home/gosmann/Documents/stm32_examples/DAC_pooling/STM32F446RETX_FLASH.ld" --specs=nosys.specs -Wl,-Map="DAC_pooling.map" -Wl,--gc-sections -static --specs=nano.specs -mfpu=fpv4-sp-d16 -mfloat-abi=hard -mthumb -Wl,--start-group -lc -lm -Wl,--end-group
Finished building target: DAC_pooling.elf
 
arm-none-eabi-size   DAC_pooling.elf 
arm-none-eabi-objdump -h -S  DAC_pooling.elf  > "DAC_pooling.list"
   text	   data	    bss	    dec	    hex	filename
   9176	     20	   1660	  10856	   2a68	DAC_pooling.elf
Finished building: default.size.stdout
 
Finished building: DAC_pooling.list
 

21:33:05 Build Finished. 0 errors, 0 warnings. (took 1s.436ms)

