22:46:29 **** Incremental Build of configuration Debug for project timer_IT ****
make -j12 all 
arm-none-eabi-gcc "../Core/Src/main.c" -mcpu=cortex-m4 -std=gnu11 -g3 -DDEBUG -DUSE_HAL_DRIVER -DSTM32F446xx -c -I../Core/Inc -I../Drivers/STM32F4xx_HAL_Driver/Inc -I../Drivers/STM32F4xx_HAL_Driver/Inc/Legacy -I../Drivers/CMSIS/Device/ST/STM32F4xx/Include -I../Drivers/CMSIS/Include -O0 -ffunction-sections -fdata-sections -Wall -fstack-usage -MMD -MP -MF"Core/Src/main.d" -MT"Core/Src/main.o" --specs=nano.specs -mfpu=fpv4-sp-d16 -mfloat-abi=hard -mthumb -o "Core/Src/main.o"
arm-none-eabi-gcc -o "timer_IT.elf" @"objects.list"   -mcpu=cortex-m4 -T"/home/gosmann/Documents/stm32_examples/timer_IT/STM32F446RETX_FLASH.ld" --specs=nosys.specs -Wl,-Map="timer_IT.map" -Wl,--gc-sections -static --specs=nano.specs -mfpu=fpv4-sp-d16 -mfloat-abi=hard -mthumb -Wl,--start-group -lc -lm -Wl,--end-group
Finished building target: timer_IT.elf
 
arm-none-eabi-size   timer_IT.elf 
arm-none-eabi-objdump -h -S  timer_IT.elf  > "timer_IT.list"
   text	   data	    bss	    dec	    hex	filename
  11152	     20	   1708	  12880	   3250	timer_IT.elf
Finished building: default.size.stdout
 
Finished building: timer_IT.list
 

22:46:30 Build Finished. 0 errors, 0 warnings. (took 1s.456ms)

